// Jest Snapshot v1, https://goo.gl/fbAQLP

exports[`Filter component renders correctly 1`] = `
<View
  style={
    Object {
      "borderColor": "#606671",
      "borderRadius": 6,
      "borderWidth": 1,
      "flexDirection": "row",
      "justifyContent": "space-between",
      "paddingEnd": 8,
    }
  }
  testID="test-text-filter"
>
  <TextInput
    allowFontScaling={true}
    onBlur={[Function]}
    onChangeText={[Function]}
    onFocus={[Function]}
    rejectResponderTermination={true}
    style={
      Object {
        "color": "#A9ACB3",
        "height": 40,
        "marginStart": 12,
        "width": "90%",
      }
    }
    testID="test-text-input"
    underlineColorAndroid="transparent"
    value=""
  />
</View>
`;
